<?xml version="1.0"?>
<link_info>
   <banner>TMS320C55x Linker PC v4.4.1</banner>
   <copyright>Copyright (c) 1996-2012 Texas Instruments Incorporated</copyright>
   <link_time>0x6644ec5a</link_time>
   <output_file>aic3204.out</output_file>
   <entry_point>
      <name>_c_int00</name>
      <address>0x24bc5</address>
   </entry_point>
   <input_file_list>
      <input_file id="fl-2">
         <path>.\</path>
         <kind>object</kind>
         <file>FIR.obj</file>
         <name>FIR.obj</name>
      </input_file>
      <input_file id="fl-3">
         <path>.\</path>
         <kind>object</kind>
         <file>NCO.obj</file>
         <name>NCO.obj</name>
      </input_file>
      <input_file id="fl-4">
         <path>.\</path>
         <kind>object</kind>
         <file>aic3204.obj</file>
         <name>aic3204.obj</name>
      </input_file>
      <input_file id="fl-5">
         <path>.\</path>
         <kind>object</kind>
         <file>ezdsp5535.obj</file>
         <name>ezdsp5535.obj</name>
      </input_file>
      <input_file id="fl-6">
         <path>.\</path>
         <kind>object</kind>
         <file>ezdsp5535_gpio.obj</file>
         <name>ezdsp5535_gpio.obj</name>
      </input_file>
      <input_file id="fl-7">
         <path>.\</path>
         <kind>object</kind>
         <file>ezdsp5535_i2c.obj</file>
         <name>ezdsp5535_i2c.obj</name>
      </input_file>
      <input_file id="fl-8">
         <path>.\</path>
         <kind>object</kind>
         <file>ezdsp5535_i2s.obj</file>
         <name>ezdsp5535_i2s.obj</name>
      </input_file>
      <input_file id="fl-9">
         <path>.\</path>
         <kind>object</kind>
         <file>ezdsp5535_lcd.obj</file>
         <name>ezdsp5535_lcd.obj</name>
      </input_file>
      <input_file id="fl-a">
         <path>.\</path>
         <kind>object</kind>
         <file>ezdsp5535_led.obj</file>
         <name>ezdsp5535_led.obj</name>
      </input_file>
      <input_file id="fl-b">
         <path>.\</path>
         <kind>object</kind>
         <file>main.obj</file>
         <name>main.obj</name>
      </input_file>
      <input_file id="fl-c">
         <path>.\FFT\</path>
         <kind>object</kind>
         <file>FFT.obj</file>
         <name>FFT.obj</name>
      </input_file>
      <input_file id="fl-d">
         <path>.\FFT\</path>
         <kind>object</kind>
         <file>FFT_data.obj</file>
         <name>FFT_data.obj</name>
      </input_file>
      <input_file id="fl-e">
         <path>.\FFT\</path>
         <kind>object</kind>
         <file>rtGetInf.obj</file>
         <name>rtGetInf.obj</name>
      </input_file>
      <input_file id="fl-f">
         <path>.\FFT\</path>
         <kind>object</kind>
         <file>rtGetNaN.obj</file>
         <name>rtGetNaN.obj</name>
      </input_file>
      <input_file id="fl-10">
         <path>.\FFT\</path>
         <kind>object</kind>
         <file>rt_nonfinite.obj</file>
         <name>rt_nonfinite.obj</name>
      </input_file>
      <input_file id="fl-15">
         <path>C:\Users\golan\Downloads\ezdsp5535_v1_spring2024\c55xx_csl\ccs_v4.0_examples\cslVC5505\Debug\</path>
         <kind>archive</kind>
         <file>cslVC5505.lib</file>
         <name>csl_i2s.obj</name>
      </input_file>
      <input_file id="fl-16">
         <path>C:\Users\golan\Downloads\ezdsp5535_v1_spring2024\c55xx_csl\ccs_v4.0_examples\cslVC5505\Debug\</path>
         <kind>archive</kind>
         <file>cslVC5505.lib</file>
         <name>csl_i2c.obj</name>
      </input_file>
      <input_file id="fl-17">
         <path>C:\Users\golan\Downloads\ezdsp5535_v1_spring2024\c55xx_csl\ccs_v4.0_examples\cslVC5505\Debug\</path>
         <kind>archive</kind>
         <file>cslVC5505.lib</file>
         <name>csl_gpio.obj</name>
      </input_file>
      <input_file id="fl-18">
         <path>C:\ti\ccsv6\tools\compiler\c5500_4.4.1\lib\</path>
         <kind>archive</kind>
         <file>rts55x.lib</file>
         <name>addd.obj</name>
      </input_file>
      <input_file id="fl-19">
         <path>C:\ti\ccsv6\tools\compiler\c5500_4.4.1\lib\</path>
         <kind>archive</kind>
         <file>rts55x.lib</file>
         <name>boot.obj</name>
      </input_file>
      <input_file id="fl-1a">
         <path>C:\ti\ccsv6\tools\compiler\c5500_4.4.1\lib\</path>
         <kind>archive</kind>
         <file>rts55x.lib</file>
         <name>cmpd.obj</name>
      </input_file>
      <input_file id="fl-1b">
         <path>C:\ti\ccsv6\tools\compiler\c5500_4.4.1\lib\</path>
         <kind>archive</kind>
         <file>rts55x.lib</file>
         <name>divd.obj</name>
      </input_file>
      <input_file id="fl-1c">
         <path>C:\ti\ccsv6\tools\compiler\c5500_4.4.1\lib\</path>
         <kind>archive</kind>
         <file>rts55x.lib</file>
         <name>divul.obj</name>
      </input_file>
      <input_file id="fl-1d">
         <path>C:\ti\ccsv6\tools\compiler\c5500_4.4.1\lib\</path>
         <kind>archive</kind>
         <file>rts55x.lib</file>
         <name>exit.obj</name>
      </input_file>
      <input_file id="fl-1e">
         <path>C:\ti\ccsv6\tools\compiler\c5500_4.4.1\lib\</path>
         <kind>archive</kind>
         <file>rts55x.lib</file>
         <name>fixdi.obj</name>
      </input_file>
      <input_file id="fl-1f">
         <path>C:\ti\ccsv6\tools\compiler\c5500_4.4.1\lib\</path>
         <kind>archive</kind>
         <file>rts55x.lib</file>
         <name>fixdli.obj</name>
      </input_file>
      <input_file id="fl-20">
         <path>C:\ti\ccsv6\tools\compiler\c5500_4.4.1\lib\</path>
         <kind>archive</kind>
         <file>rts55x.lib</file>
         <name>floor.obj</name>
      </input_file>
      <input_file id="fl-21">
         <path>C:\ti\ccsv6\tools\compiler\c5500_4.4.1\lib\</path>
         <kind>archive</kind>
         <file>rts55x.lib</file>
         <name>fltid.obj</name>
      </input_file>
      <input_file id="fl-22">
         <path>C:\ti\ccsv6\tools\compiler\c5500_4.4.1\lib\</path>
         <kind>archive</kind>
         <file>rts55x.lib</file>
         <name>fltlid.obj</name>
      </input_file>
      <input_file id="fl-23">
         <path>C:\ti\ccsv6\tools\compiler\c5500_4.4.1\lib\</path>
         <kind>archive</kind>
         <file>rts55x.lib</file>
         <name>fltud.obj</name>
      </input_file>
      <input_file id="fl-24">
         <path>C:\ti\ccsv6\tools\compiler\c5500_4.4.1\lib\</path>
         <kind>archive</kind>
         <file>rts55x.lib</file>
         <name>fltuld.obj</name>
      </input_file>
      <input_file id="fl-25">
         <path>C:\ti\ccsv6\tools\compiler\c5500_4.4.1\lib\</path>
         <kind>archive</kind>
         <file>rts55x.lib</file>
         <name>frcmpyd_div.obj</name>
      </input_file>
      <input_file id="fl-26">
         <path>C:\ti\ccsv6\tools\compiler\c5500_4.4.1\lib\</path>
         <kind>archive</kind>
         <file>rts55x.lib</file>
         <name>idiv.obj</name>
      </input_file>
      <input_file id="fl-27">
         <path>C:\ti\ccsv6\tools\compiler\c5500_4.4.1\lib\</path>
         <kind>archive</kind>
         <file>rts55x.lib</file>
         <name>lmpy.obj</name>
      </input_file>
      <input_file id="fl-28">
         <path>C:\ti\ccsv6\tools\compiler\c5500_4.4.1\lib\</path>
         <kind>archive</kind>
         <file>rts55x.lib</file>
         <name>modf.obj</name>
      </input_file>
      <input_file id="fl-29">
         <path>C:\ti\ccsv6\tools\compiler\c5500_4.4.1\lib\</path>
         <kind>archive</kind>
         <file>rts55x.lib</file>
         <name>mpyd.obj</name>
      </input_file>
      <input_file id="fl-2a">
         <path>C:\ti\ccsv6\tools\compiler\c5500_4.4.1\lib\</path>
         <kind>archive</kind>
         <file>rts55x.lib</file>
         <name>negd.obj</name>
      </input_file>
      <input_file id="fl-2b">
         <path>C:\ti\ccsv6\tools\compiler\c5500_4.4.1\lib\</path>
         <kind>archive</kind>
         <file>rts55x.lib</file>
         <name>rand.obj</name>
      </input_file>
      <input_file id="fl-2c">
         <path>C:\ti\ccsv6\tools\compiler\c5500_4.4.1\lib\</path>
         <kind>archive</kind>
         <file>rts55x.lib</file>
         <name>remul.obj</name>
      </input_file>
      <input_file id="fl-2d">
         <path>C:\ti\ccsv6\tools\compiler\c5500_4.4.1\lib\</path>
         <kind>archive</kind>
         <file>rts55x.lib</file>
         <name>sqrt.obj</name>
      </input_file>
      <input_file id="fl-2e">
         <path>C:\ti\ccsv6\tools\compiler\c5500_4.4.1\lib\</path>
         <kind>archive</kind>
         <file>rts55x.lib</file>
         <name>subd.obj</name>
      </input_file>
      <input_file id="fl-2f">
         <path>C:\ti\ccsv6\tools\compiler\c5500_4.4.1\lib\</path>
         <kind>archive</kind>
         <file>rts55x.lib</file>
         <name>vectors.obj</name>
      </input_file>
      <input_file id="fl-30">
         <path>C:\ti\ccsv6\tools\compiler\c5500_4.4.1\lib\</path>
         <kind>archive</kind>
         <file>rts55x.lib</file>
         <name>_lock.obj</name>
      </input_file>
      <input_file id="fl-31">
         <path>C:\ti\ccsv6\tools\compiler\c5500_4.4.1\lib\</path>
         <kind>archive</kind>
         <file>rts55x.lib</file>
         <name>args_main.obj</name>
      </input_file>
      <input_file id="fl-32">
         <path>C:\ti\ccsv6\tools\compiler\c5500_4.4.1\lib\</path>
         <kind>archive</kind>
         <file>rts55x.lib</file>
         <name>autoinit.obj</name>
      </input_file>
      <input_file id="fl-33">
         <path>C:\ti\ccsv6\tools\compiler\c5500_4.4.1\lib\</path>
         <kind>archive</kind>
         <file>rts55x.lib</file>
         <name>errno.obj</name>
      </input_file>
      <input_file id="fl-34">
         <path>C:\ti\ccsv6\tools\compiler\c5500_4.4.1\lib\</path>
         <kind>archive</kind>
         <file>rts55x.lib</file>
         <name>frcmpyd.obj</name>
      </input_file>
      <input_file id="fl-35">
         <path>C:\ti\ccsv6\tools\compiler\c5500_4.4.1\lib\</path>
         <kind>archive</kind>
         <file>rts55x.lib</file>
         <name>frexp.obj</name>
      </input_file>
      <input_file id="fl-36">
         <path>C:\ti\ccsv6\tools\compiler\c5500_4.4.1\lib\</path>
         <kind>archive</kind>
         <file>rts55x.lib</file>
         <name>ldexp.obj</name>
      </input_file>
   </input_file_list>
   <object_component_list>
      <object_component id="oc-4b">
         <name>.text</name>
         <load_address>0x20000</load_address>
         <run_address>0x20000</run_address>
         <size>0xc42</size>
         <input_file_ref idref="fl-c"/>
      </object_component>
      <object_component id="oc-6d">
         <name>.text</name>
         <load_address>0x20c42</load_address>
         <run_address>0x20c42</run_address>
         <size>0xc3c</size>
         <input_file_ref idref="fl-16"/>
      </object_component>
      <object_component id="oc-66">
         <name>.text</name>
         <load_address>0x2187e</load_address>
         <run_address>0x2187e</run_address>
         <size>0x9f3</size>
         <input_file_ref idref="fl-15"/>
      </object_component>
      <object_component id="oc-73">
         <name>.text</name>
         <load_address>0x22271</load_address>
         <run_address>0x22271</run_address>
         <size>0x68d</size>
         <input_file_ref idref="fl-17"/>
      </object_component>
      <object_component id="oc-43">
         <name>.text</name>
         <load_address>0x228fe</load_address>
         <run_address>0x228fe</run_address>
         <size>0x449</size>
         <input_file_ref idref="fl-b"/>
      </object_component>
      <object_component id="oc-84">
         <name>.text</name>
         <load_address>0x22d47</load_address>
         <run_address>0x22d47</run_address>
         <size>0x3cc</size>
         <input_file_ref idref="fl-1b"/>
      </object_component>
      <object_component id="oc-78">
         <name>.text</name>
         <load_address>0x23113</load_address>
         <run_address>0x23113</run_address>
         <size>0x25a</size>
         <input_file_ref idref="fl-18"/>
      </object_component>
      <object_component id="oc-1e">
         <name>.text</name>
         <load_address>0x2336d</load_address>
         <run_address>0x2336d</run_address>
         <size>0x21c</size>
         <input_file_ref idref="fl-4"/>
      </object_component>
      <object_component id="oc-12">
         <name>.text</name>
         <load_address>0x23589</load_address>
         <run_address>0x23589</run_address>
         <size>0x207</size>
         <input_file_ref idref="fl-2"/>
      </object_component>
      <object_component id="oc-80">
         <name>.text</name>
         <load_address>0x23790</load_address>
         <run_address>0x23790</run_address>
         <size>0x1ea</size>
         <input_file_ref idref="fl-1a"/>
      </object_component>
      <object_component id="oc-3e">
         <name>.text</name>
         <load_address>0x2397a</load_address>
         <run_address>0x2397a</run_address>
         <size>0x1e7</size>
         <input_file_ref idref="fl-a"/>
      </object_component>
      <object_component id="oc-39">
         <name>.text</name>
         <load_address>0x23b61</load_address>
         <run_address>0x23b61</run_address>
         <size>0x192</size>
         <input_file_ref idref="fl-9"/>
      </object_component>
      <object_component id="oc-c3">
         <name>.text</name>
         <load_address>0x23cf3</load_address>
         <run_address>0x23cf3</run_address>
         <size>0x14c</size>
         <input_file_ref idref="fl-29"/>
      </object_component>
      <object_component id="oc-60">
         <name>.text</name>
         <load_address>0x23e3f</load_address>
         <run_address>0x23e3f</run_address>
         <size>0x11e</size>
         <input_file_ref idref="fl-10"/>
      </object_component>
      <object_component id="oc-d5">
         <name>.text</name>
         <load_address>0x23f5d</load_address>
         <run_address>0x23f5d</run_address>
         <size>0x116</size>
         <input_file_ref idref="fl-2d"/>
      </object_component>
      <object_component id="oc-33">
         <name>.text</name>
         <load_address>0x24073</load_address>
         <run_address>0x24073</run_address>
         <size>0x107</size>
         <input_file_ref idref="fl-8"/>
      </object_component>
      <object_component id="oc-fd">
         <name>.text</name>
         <load_address>0x2417a</load_address>
         <run_address>0x2417a</run_address>
         <size>0xf2</size>
         <input_file_ref idref="fl-36"/>
      </object_component>
      <object_component id="oc-f8">
         <name>.text</name>
         <load_address>0x2426c</load_address>
         <run_address>0x2426c</run_address>
         <size>0xcc</size>
         <input_file_ref idref="fl-35"/>
      </object_component>
      <object_component id="oc-be">
         <name>.text</name>
         <load_address>0x24338</load_address>
         <run_address>0x24338</run_address>
         <size>0xbf</size>
         <input_file_ref idref="fl-28"/>
      </object_component>
      <object_component id="oc-9b">
         <name>.text</name>
         <load_address>0x243f7</load_address>
         <run_address>0x243f7</run_address>
         <size>0xa2</size>
         <input_file_ref idref="fl-20"/>
      </object_component>
      <object_component id="oc-88">
         <name>.text</name>
         <load_address>0x24499</load_address>
         <run_address>0x24499</run_address>
         <size>0xa1</size>
         <input_file_ref idref="fl-1c"/>
      </object_component>
      <object_component id="oc-2e">
         <name>.text</name>
         <load_address>0x2453a</load_address>
         <run_address>0x2453a</run_address>
         <size>0x8e</size>
         <input_file_ref idref="fl-7"/>
      </object_component>
      <object_component id="oc-28">
         <name>.text</name>
         <load_address>0x245c8</load_address>
         <run_address>0x245c8</run_address>
         <size>0x87</size>
         <input_file_ref idref="fl-6"/>
      </object_component>
      <object_component id="oc-54">
         <name>.text</name>
         <load_address>0x2464f</load_address>
         <run_address>0x2464f</run_address>
         <size>0x84</size>
         <input_file_ref idref="fl-e"/>
      </object_component>
      <object_component id="oc-f4">
         <name>.text</name>
         <load_address>0x246d3</load_address>
         <run_address>0x246d3</run_address>
         <size>0x76</size>
         <input_file_ref idref="fl-34"/>
      </object_component>
      <object_component id="oc-b2">
         <name>.text</name>
         <load_address>0x24749</load_address>
         <run_address>0x24749</run_address>
         <size>0x73</size>
         <input_file_ref idref="fl-25"/>
      </object_component>
      <object_component id="oc-d1">
         <name>.text</name>
         <load_address>0x247bc</load_address>
         <run_address>0x247bc</run_address>
         <size>0x72</size>
         <input_file_ref idref="fl-2c"/>
      </object_component>
      <object_component id="oc-97">
         <name>.text</name>
         <load_address>0x2482e</load_address>
         <run_address>0x2482e</run_address>
         <size>0x6f</size>
         <input_file_ref idref="fl-1f"/>
      </object_component>
      <object_component id="oc-a4">
         <name>.text</name>
         <load_address>0x2489d</load_address>
         <run_address>0x2489d</run_address>
         <size>0x67</size>
         <input_file_ref idref="fl-22"/>
      </object_component>
      <object_component id="oc-cb">
         <name>.text</name>
         <load_address>0x24904</load_address>
         <run_address>0x24904</run_address>
         <size>0x60</size>
         <input_file_ref idref="fl-2b"/>
      </object_component>
      <object_component id="oc-ad">
         <name>.text</name>
         <load_address>0x24964</load_address>
         <run_address>0x24964</run_address>
         <size>0x5b</size>
         <input_file_ref idref="fl-24"/>
      </object_component>
      <object_component id="oc-5a">
         <name>.text</name>
         <load_address>0x249bf</load_address>
         <run_address>0x249bf</run_address>
         <size>0x59</size>
         <input_file_ref idref="fl-f"/>
      </object_component>
      <object_component id="oc-23">
         <name>.text</name>
         <load_address>0x24a18</load_address>
         <run_address>0x24a18</run_address>
         <size>0x54</size>
         <input_file_ref idref="fl-5"/>
      </object_component>
      <object_component id="oc-ec">
         <name>.text</name>
         <load_address>0x24a6c</load_address>
         <run_address>0x24a6c</run_address>
         <size>0x4d</size>
         <input_file_ref idref="fl-32"/>
      </object_component>
      <object_component id="oc-e8">
         <name>.text</name>
         <load_address>0x24ab9</load_address>
         <run_address>0x24ab9</run_address>
         <size>0x4b</size>
         <input_file_ref idref="fl-31"/>
      </object_component>
      <object_component id="oc-17">
         <name>.text</name>
         <load_address>0x24b04</load_address>
         <run_address>0x24b04</run_address>
         <size>0x47</size>
         <input_file_ref idref="fl-3"/>
      </object_component>
      <object_component id="oc-8c">
         <name>.text</name>
         <load_address>0x24b4b</load_address>
         <run_address>0x24b4b</run_address>
         <size>0x3e</size>
         <input_file_ref idref="fl-1d"/>
      </object_component>
      <object_component id="oc-b6">
         <name>.text</name>
         <load_address>0x24b89</load_address>
         <run_address>0x24b89</run_address>
         <size>0x3c</size>
         <input_file_ref idref="fl-26"/>
      </object_component>
      <object_component id="oc-10">
         <name>.text</name>
         <load_address>0x24bc5</load_address>
         <run_address>0x24bc5</run_address>
         <size>0x34</size>
         <input_file_ref idref="fl-19"/>
      </object_component>
      <object_component id="oc-93">
         <name>.text</name>
         <load_address>0x24bf9</load_address>
         <run_address>0x24bf9</run_address>
         <size>0x2a</size>
         <input_file_ref idref="fl-1e"/>
      </object_component>
      <object_component id="oc-da">
         <name>.text</name>
         <load_address>0x24c23</load_address>
         <run_address>0x24c23</run_address>
         <size>0x14</size>
         <input_file_ref idref="fl-2e"/>
      </object_component>
      <object_component id="oc-ba">
         <name>.text</name>
         <load_address>0x24c37</load_address>
         <run_address>0x24c37</run_address>
         <size>0x13</size>
         <input_file_ref idref="fl-27"/>
      </object_component>
      <object_component id="oc-e2">
         <name>.text</name>
         <load_address>0x24c4a</load_address>
         <run_address>0x24c4a</run_address>
         <size>0x12</size>
         <input_file_ref idref="fl-30"/>
      </object_component>
      <object_component id="oc-c7">
         <name>.text</name>
         <load_address>0x24c5c</load_address>
         <run_address>0x24c5c</run_address>
         <size>0x10</size>
         <input_file_ref idref="fl-2a"/>
      </object_component>
      <object_component id="oc-a9">
         <name>.text</name>
         <load_address>0x24c6c</load_address>
         <run_address>0x24c6c</run_address>
         <size>0xe</size>
         <input_file_ref idref="fl-23"/>
      </object_component>
      <object_component id="oc-a0">
         <name>.text</name>
         <load_address>0x24c7a</load_address>
         <run_address>0x24c7a</run_address>
         <size>0xc</size>
         <input_file_ref idref="fl-21"/>
      </object_component>
      <object_component id="oc-90">
         <name>.text:CIO_breakpoint</name>
         <load_address>0x24c86</load_address>
         <run_address>0x24c86</run_address>
         <size>0x7</size>
         <input_file_ref idref="fl-1d"/>
      </object_component>
      <object_component id="oc-de">
         <name>.text</name>
         <load_address>0x24c8d</load_address>
         <run_address>0x24c8d</run_address>
         <size>0x2</size>
         <input_file_ref idref="fl-2f"/>
      </object_component>
      <object_component id="oc-7c">
         <name>.stack</name>
         <uninitialized>true</uninitialized>
         <run_address>0xc0</run_address>
         <size>0x0</size>
         <input_file_ref idref="fl-19"/>
      </object_component>
      <object_component id="oc-11d">
         <name>.stack</name>
         <uninitialized>true</uninitialized>
         <run_address>0xc0</run_address>
         <size>0x0</size>
      </object_component>
      <object_component id="oc-102">
         <name>.sysstack</name>
         <uninitialized>true</uninitialized>
         <run_address>0x20c0</run_address>
         <size>0x0</size>
         <input_file_ref idref="fl-19"/>
      </object_component>
      <object_component id="oc-11e">
         <name>.sysstack</name>
         <uninitialized>true</uninitialized>
         <run_address>0x20c0</run_address>
         <size>0x0</size>
      </object_component>
      <object_component id="oc-44">
         <name>.bss</name>
         <uninitialized>true</uninitialized>
         <run_address>0x30c0</run_address>
         <size>0x97b6</size>
         <input_file_ref idref="fl-b"/>
      </object_component>
      <object_component id="oc-f0">
         <name>.bss</name>
         <uninitialized>true</uninitialized>
         <run_address>0xc876</run_address>
         <size>0x2</size>
         <input_file_ref idref="fl-33"/>
      </object_component>
      <object_component id="oc-4c">
         <name>.bss</name>
         <uninitialized>true</uninitialized>
         <run_address>0xc878</run_address>
         <size>0x204</size>
         <input_file_ref idref="fl-c"/>
      </object_component>
      <object_component id="oc-18">
         <name>.bss</name>
         <uninitialized>true</uninitialized>
         <run_address>0xca7c</run_address>
         <size>0x204</size>
         <input_file_ref idref="fl-3"/>
      </object_component>
      <object_component id="oc-67">
         <name>.bss</name>
         <uninitialized>true</uninitialized>
         <run_address>0xcc80</run_address>
         <size>0x54</size>
         <input_file_ref idref="fl-15"/>
      </object_component>
      <object_component id="oc-6e">
         <name>.bss</name>
         <uninitialized>true</uninitialized>
         <run_address>0xccd4</run_address>
         <size>0x24</size>
         <input_file_ref idref="fl-16"/>
      </object_component>
      <object_component id="oc-61">
         <name>.bss</name>
         <uninitialized>true</uninitialized>
         <run_address>0xccf8</run_address>
         <size>0x18</size>
         <input_file_ref idref="fl-10"/>
      </object_component>
      <object_component id="oc-29">
         <name>.bss</name>
         <uninitialized>true</uninitialized>
         <run_address>0xcd10</run_address>
         <size>0x8</size>
         <input_file_ref idref="fl-6"/>
      </object_component>
      <object_component id="oc-e3">
         <name>.bss</name>
         <uninitialized>true</uninitialized>
         <run_address>0xcd18</run_address>
         <size>0x8</size>
         <input_file_ref idref="fl-30"/>
      </object_component>
      <object_component id="oc-8d">
         <name>.bss</name>
         <uninitialized>true</uninitialized>
         <run_address>0xcd20</run_address>
         <size>0x8</size>
         <input_file_ref idref="fl-1d"/>
      </object_component>
      <object_component id="oc-34">
         <name>.bss</name>
         <uninitialized>true</uninitialized>
         <run_address>0xcd28</run_address>
         <size>0x4</size>
         <input_file_ref idref="fl-8"/>
      </object_component>
      <object_component id="oc-cc">
         <name>.bss</name>
         <uninitialized>true</uninitialized>
         <run_address>0xcd2c</run_address>
         <size>0x4</size>
         <input_file_ref idref="fl-2b"/>
      </object_component>
      <object_component id="oc-103">
         <name>.const:_FFT_ConstP</name>
         <load_address>0xcd30</load_address>
         <run_address>0xcd30</run_address>
         <size>0x180</size>
         <input_file_ref idref="fl-d"/>
      </object_component>
      <object_component id="oc-4e">
         <name>.const</name>
         <load_address>0xceb0</load_address>
         <run_address>0xceb0</run_address>
         <size>0x20</size>
         <input_file_ref idref="fl-c"/>
      </object_component>
      <object_component id="oc-ff">
         <name>.const</name>
         <load_address>0xced0</load_address>
         <run_address>0xced0</run_address>
         <size>0x14</size>
         <input_file_ref idref="fl-36"/>
      </object_component>
      <object_component id="oc-d7">
         <name>.const</name>
         <load_address>0xcee4</load_address>
         <run_address>0xcee4</run_address>
         <size>0x14</size>
         <input_file_ref idref="fl-2d"/>
      </object_component>
      <object_component id="oc-105">
         <name>.const:_initial_approx$1</name>
         <load_address>0xcef8</load_address>
         <run_address>0xcef8</run_address>
         <size>0x10</size>
         <input_file_ref idref="fl-1b"/>
      </object_component>
      <object_component id="oc-9d">
         <name>.const</name>
         <load_address>0xcf08</load_address>
         <run_address>0xcf08</run_address>
         <size>0x10</size>
         <input_file_ref idref="fl-20"/>
      </object_component>
      <object_component id="oc-fa">
         <name>.const</name>
         <load_address>0xcf18</load_address>
         <run_address>0xcf18</run_address>
         <size>0x10</size>
         <input_file_ref idref="fl-35"/>
      </object_component>
      <object_component id="oc-c0">
         <name>.const</name>
         <load_address>0xcf28</load_address>
         <run_address>0xcf28</run_address>
         <size>0xc</size>
         <input_file_ref idref="fl-28"/>
      </object_component>
      <object_component id="oc-47">
         <name>.const</name>
         <load_address>0xcf34</load_address>
         <run_address>0xcf34</run_address>
         <size>0x8</size>
         <input_file_ref idref="fl-b"/>
      </object_component>
      <object_component id="oc-104">
         <name>.const:_$P$T0$1</name>
         <load_address>0xcf3c</load_address>
         <run_address>0xcf3c</run_address>
         <size>0x4</size>
         <input_file_ref idref="fl-f"/>
      </object_component>
      <object_component id="oc-56">
         <name>.const</name>
         <load_address>0xcf40</load_address>
         <run_address>0xcf40</run_address>
         <size>0x4</size>
         <input_file_ref idref="fl-e"/>
      </object_component>
      <object_component id="oc-5c">
         <name>.const</name>
         <load_address>0xcf44</load_address>
         <run_address>0xcf44</run_address>
         <size>0x4</size>
         <input_file_ref idref="fl-f"/>
      </object_component>
      <object_component id="oc-a6">
         <name>.const</name>
         <load_address>0xcf48</load_address>
         <run_address>0xcf48</run_address>
         <size>0x4</size>
         <input_file_ref idref="fl-22"/>
      </object_component>
      <object_component id="oc-af">
         <name>.const</name>
         <load_address>0xcf4c</load_address>
         <run_address>0xcf4c</run_address>
         <size>0x4</size>
         <input_file_ref idref="fl-24"/>
      </object_component>
      <object_component id="oc-1a">
         <name>.cinit</name>
         <load_address>0x40000</load_address>
         <run_address>0x40000</run_address>
         <size>0x210</size>
         <input_file_ref idref="fl-3"/>
      </object_component>
      <object_component id="oc-46">
         <name>.cinit</name>
         <load_address>0x40210</load_address>
         <run_address>0x40210</run_address>
         <size>0xee</size>
         <input_file_ref idref="fl-b"/>
      </object_component>
      <object_component id="oc-e5">
         <name>.cinit</name>
         <load_address>0x402fe</load_address>
         <run_address>0x402fe</run_address>
         <size>0x14</size>
         <input_file_ref idref="fl-30"/>
      </object_component>
      <object_component id="oc-8f">
         <name>.cinit</name>
         <load_address>0x40312</load_address>
         <run_address>0x40312</run_address>
         <size>0x14</size>
         <input_file_ref idref="fl-1d"/>
      </object_component>
      <object_component id="oc-69">
         <name>.cinit</name>
         <load_address>0x40326</load_address>
         <run_address>0x40326</run_address>
         <size>0x10</size>
         <input_file_ref idref="fl-15"/>
      </object_component>
      <object_component id="oc-ce">
         <name>.cinit</name>
         <load_address>0x40336</load_address>
         <run_address>0x40336</run_address>
         <size>0xa</size>
         <input_file_ref idref="fl-2b"/>
      </object_component>
      <object_component id="oc-f2">
         <name>.cinit</name>
         <load_address>0x40340</load_address>
         <run_address>0x40340</run_address>
         <size>0x8</size>
         <input_file_ref idref="fl-33"/>
      </object_component>
      <object_component id="oc-11">
         <name>vectors</name>
         <load_address>0x4fe00</load_address>
         <run_address>0x4fe00</run_address>
         <size>0x100</size>
         <input_file_ref idref="fl-2f"/>
      </object_component>
      <object_component id="oc-13">
         <name>.debug_info</name>
         <load_address>0x0</load_address>
         <run_address>0x0</run_address>
         <size>0xc57</size>
         <input_file_ref idref="fl-2"/>
      </object_component>
      <object_component id="oc-19">
         <name>.debug_info</name>
         <load_address>0xc57</load_address>
         <run_address>0xc57</run_address>
         <size>0x5e8</size>
         <input_file_ref idref="fl-3"/>
      </object_component>
      <object_component id="oc-1f">
         <name>.debug_info</name>
         <load_address>0x123f</load_address>
         <run_address>0x123f</run_address>
         <size>0xd8a</size>
         <input_file_ref idref="fl-4"/>
      </object_component>
      <object_component id="oc-24">
         <name>.debug_info</name>
         <load_address>0x1fc9</load_address>
         <run_address>0x1fc9</run_address>
         <size>0xc94</size>
         <input_file_ref idref="fl-5"/>
      </object_component>
      <object_component id="oc-2a">
         <name>.debug_info</name>
         <load_address>0x2c5d</load_address>
         <run_address>0x2c5d</run_address>
         <size>0x14ac</size>
         <input_file_ref idref="fl-6"/>
      </object_component>
      <object_component id="oc-2f">
         <name>.debug_info</name>
         <load_address>0x4109</load_address>
         <run_address>0x4109</run_address>
         <size>0xa26</size>
         <input_file_ref idref="fl-7"/>
      </object_component>
      <object_component id="oc-35">
         <name>.debug_info</name>
         <load_address>0x4b2f</load_address>
         <run_address>0x4b2f</run_address>
         <size>0x1539</size>
         <input_file_ref idref="fl-8"/>
      </object_component>
      <object_component id="oc-3a">
         <name>.debug_info</name>
         <load_address>0x6068</load_address>
         <run_address>0x6068</run_address>
         <size>0xd7e</size>
         <input_file_ref idref="fl-9"/>
      </object_component>
      <object_component id="oc-3f">
         <name>.debug_info</name>
         <load_address>0x6de6</load_address>
         <run_address>0x6de6</run_address>
         <size>0x1035</size>
         <input_file_ref idref="fl-a"/>
      </object_component>
      <object_component id="oc-45">
         <name>.debug_info</name>
         <load_address>0x7e1b</load_address>
         <run_address>0x7e1b</run_address>
         <size>0x16fc</size>
         <input_file_ref idref="fl-b"/>
      </object_component>
      <object_component id="oc-4d">
         <name>.debug_info</name>
         <load_address>0x9517</load_address>
         <run_address>0x9517</run_address>
         <size>0x1c4d</size>
         <input_file_ref idref="fl-c"/>
      </object_component>
      <object_component id="oc-52">
         <name>.debug_info</name>
         <load_address>0xb164</load_address>
         <run_address>0xb164</run_address>
         <size>0x51f</size>
         <input_file_ref idref="fl-d"/>
      </object_component>
      <object_component id="oc-55">
         <name>.debug_info</name>
         <load_address>0xb683</load_address>
         <run_address>0xb683</run_address>
         <size>0x85f</size>
         <input_file_ref idref="fl-e"/>
      </object_component>
      <object_component id="oc-5b">
         <name>.debug_info</name>
         <load_address>0xbee2</load_address>
         <run_address>0xbee2</run_address>
         <size>0x716</size>
         <input_file_ref idref="fl-f"/>
      </object_component>
      <object_component id="oc-62">
         <name>.debug_info</name>
         <load_address>0xc5f8</load_address>
         <run_address>0xc5f8</run_address>
         <size>0xb0d</size>
         <input_file_ref idref="fl-10"/>
      </object_component>
      <object_component id="oc-68">
         <name>.debug_info</name>
         <load_address>0xd105</load_address>
         <run_address>0xd105</run_address>
         <size>0x710f</size>
         <input_file_ref idref="fl-15"/>
      </object_component>
      <object_component id="oc-6f">
         <name>.debug_info</name>
         <load_address>0x14214</load_address>
         <run_address>0x14214</run_address>
         <size>0x7424</size>
         <input_file_ref idref="fl-16"/>
      </object_component>
      <object_component id="oc-74">
         <name>.debug_info</name>
         <load_address>0x1b638</load_address>
         <run_address>0x1b638</run_address>
         <size>0x6ced</size>
         <input_file_ref idref="fl-17"/>
      </object_component>
      <object_component id="oc-79">
         <name>.debug_info</name>
         <load_address>0x22325</load_address>
         <run_address>0x22325</run_address>
         <size>0x5ab</size>
         <input_file_ref idref="fl-18"/>
      </object_component>
      <object_component id="oc-7d">
         <name>.debug_info</name>
         <load_address>0x228d0</load_address>
         <run_address>0x228d0</run_address>
         <size>0xe8</size>
         <input_file_ref idref="fl-19"/>
      </object_component>
      <object_component id="oc-81">
         <name>.debug_info</name>
         <load_address>0x229b8</load_address>
         <run_address>0x229b8</run_address>
         <size>0x81f</size>
         <input_file_ref idref="fl-1a"/>
      </object_component>
      <object_component id="oc-85">
         <name>.debug_info</name>
         <load_address>0x231d7</load_address>
         <run_address>0x231d7</run_address>
         <size>0x7e8</size>
         <input_file_ref idref="fl-1b"/>
      </object_component>
      <object_component id="oc-89">
         <name>.debug_info</name>
         <load_address>0x239bf</load_address>
         <run_address>0x239bf</run_address>
         <size>0x534</size>
         <input_file_ref idref="fl-1c"/>
      </object_component>
      <object_component id="oc-8e">
         <name>.debug_info</name>
         <load_address>0x23ef3</load_address>
         <run_address>0x23ef3</run_address>
         <size>0x5fb</size>
         <input_file_ref idref="fl-1d"/>
      </object_component>
      <object_component id="oc-94">
         <name>.debug_info</name>
         <load_address>0x244ee</load_address>
         <run_address>0x244ee</run_address>
         <size>0x4cf</size>
         <input_file_ref idref="fl-1e"/>
      </object_component>
      <object_component id="oc-98">
         <name>.debug_info</name>
         <load_address>0x249bd</load_address>
         <run_address>0x249bd</run_address>
         <size>0x534</size>
         <input_file_ref idref="fl-1f"/>
      </object_component>
      <object_component id="oc-9c">
         <name>.debug_info</name>
         <load_address>0x24ef1</load_address>
         <run_address>0x24ef1</run_address>
         <size>0x597</size>
         <input_file_ref idref="fl-20"/>
      </object_component>
      <object_component id="oc-a1">
         <name>.debug_info</name>
         <load_address>0x25488</load_address>
         <run_address>0x25488</run_address>
         <size>0x4cf</size>
         <input_file_ref idref="fl-21"/>
      </object_component>
      <object_component id="oc-a5">
         <name>.debug_info</name>
         <load_address>0x25957</load_address>
         <run_address>0x25957</run_address>
         <size>0x549</size>
         <input_file_ref idref="fl-22"/>
      </object_component>
      <object_component id="oc-aa">
         <name>.debug_info</name>
         <load_address>0x25ea0</load_address>
         <run_address>0x25ea0</run_address>
         <size>0x4cf</size>
         <input_file_ref idref="fl-23"/>
      </object_component>
      <object_component id="oc-ae">
         <name>.debug_info</name>
         <load_address>0x2636f</load_address>
         <run_address>0x2636f</run_address>
         <size>0x549</size>
         <input_file_ref idref="fl-24"/>
      </object_component>
      <object_component id="oc-b3">
         <name>.debug_info</name>
         <load_address>0x268b8</load_address>
         <run_address>0x268b8</run_address>
         <size>0x53e</size>
         <input_file_ref idref="fl-25"/>
      </object_component>
      <object_component id="oc-b7">
         <name>.debug_info</name>
         <load_address>0x26df6</load_address>
         <run_address>0x26df6</run_address>
         <size>0xeb</size>
         <input_file_ref idref="fl-26"/>
      </object_component>
      <object_component id="oc-bb">
         <name>.debug_info</name>
         <load_address>0x26ee1</load_address>
         <run_address>0x26ee1</run_address>
         <size>0xbd</size>
         <input_file_ref idref="fl-27"/>
      </object_component>
      <object_component id="oc-bf">
         <name>.debug_info</name>
         <load_address>0x26f9e</load_address>
         <run_address>0x26f9e</run_address>
         <size>0x50c</size>
         <input_file_ref idref="fl-28"/>
      </object_component>
      <object_component id="oc-c4">
         <name>.debug_info</name>
         <load_address>0x274aa</load_address>
         <run_address>0x274aa</run_address>
         <size>0x55b</size>
         <input_file_ref idref="fl-29"/>
      </object_component>
      <object_component id="oc-c8">
         <name>.debug_info</name>
         <load_address>0x27a05</load_address>
         <run_address>0x27a05</run_address>
         <size>0x4b7</size>
         <input_file_ref idref="fl-2a"/>
      </object_component>
      <object_component id="oc-cd">
         <name>.debug_info</name>
         <load_address>0x27ebc</load_address>
         <run_address>0x27ebc</run_address>
         <size>0x570</size>
         <input_file_ref idref="fl-2b"/>
      </object_component>
      <object_component id="oc-d2">
         <name>.debug_info</name>
         <load_address>0x2842c</load_address>
         <run_address>0x2842c</run_address>
         <size>0x534</size>
         <input_file_ref idref="fl-2c"/>
      </object_component>
      <object_component id="oc-d6">
         <name>.debug_info</name>
         <load_address>0x28960</load_address>
         <run_address>0x28960</run_address>
         <size>0x7fc</size>
         <input_file_ref idref="fl-2d"/>
      </object_component>
      <object_component id="oc-db">
         <name>.debug_info</name>
         <load_address>0x2915c</load_address>
         <run_address>0x2915c</run_address>
         <size>0x4de</size>
         <input_file_ref idref="fl-2e"/>
      </object_component>
      <object_component id="oc-df">
         <name>.debug_info</name>
         <load_address>0x2963a</load_address>
         <run_address>0x2963a</run_address>
         <size>0xbc</size>
         <input_file_ref idref="fl-2f"/>
      </object_component>
      <object_component id="oc-e4">
         <name>.debug_info</name>
         <load_address>0x296f6</load_address>
         <run_address>0x296f6</run_address>
         <size>0x5bc</size>
         <input_file_ref idref="fl-30"/>
      </object_component>
      <object_component id="oc-e9">
         <name>.debug_info</name>
         <load_address>0x29cb2</load_address>
         <run_address>0x29cb2</run_address>
         <size>0x586</size>
         <input_file_ref idref="fl-31"/>
      </object_component>
      <object_component id="oc-ed">
         <name>.debug_info</name>
         <load_address>0x2a238</load_address>
         <run_address>0x2a238</run_address>
         <size>0xcd</size>
         <input_file_ref idref="fl-32"/>
      </object_component>
      <object_component id="oc-f1">
         <name>.debug_info</name>
         <load_address>0x2a305</load_address>
         <run_address>0x2a305</run_address>
         <size>0x47b</size>
         <input_file_ref idref="fl-33"/>
      </object_component>
      <object_component id="oc-f5">
         <name>.debug_info</name>
         <load_address>0x2a780</load_address>
         <run_address>0x2a780</run_address>
         <size>0x4d2</size>
         <input_file_ref idref="fl-34"/>
      </object_component>
      <object_component id="oc-f9">
         <name>.debug_info</name>
         <load_address>0x2ac52</load_address>
         <run_address>0x2ac52</run_address>
         <size>0x518</size>
         <input_file_ref idref="fl-35"/>
      </object_component>
      <object_component id="oc-fe">
         <name>.debug_info</name>
         <load_address>0x2b16a</load_address>
         <run_address>0x2b16a</run_address>
         <size>0x50e</size>
         <input_file_ref idref="fl-36"/>
      </object_component>
      <object_component id="oc-123">
         <name>.debug_info</name>
         <load_address>0x2b678</load_address>
         <run_address>0x2b678</run_address>
         <size>0x6e</size>
      </object_component>
      <object_component id="oc-14">
         <name>.debug_frame</name>
         <load_address>0x0</load_address>
         <run_address>0x0</run_address>
         <size>0x11f</size>
         <input_file_ref idref="fl-2"/>
      </object_component>
      <object_component id="oc-1b">
         <name>.debug_frame</name>
         <load_address>0x11f</load_address>
         <run_address>0x11f</run_address>
         <size>0xe5</size>
         <input_file_ref idref="fl-3"/>
      </object_component>
      <object_component id="oc-20">
         <name>.debug_frame</name>
         <load_address>0x204</load_address>
         <run_address>0x204</run_address>
         <size>0x139</size>
         <input_file_ref idref="fl-4"/>
      </object_component>
      <object_component id="oc-25">
         <name>.debug_frame</name>
         <load_address>0x33d</load_address>
         <run_address>0x33d</run_address>
         <size>0x116</size>
         <input_file_ref idref="fl-5"/>
      </object_component>
      <object_component id="oc-2b">
         <name>.debug_frame</name>
         <load_address>0x453</load_address>
         <run_address>0x453</run_address>
         <size>0x138</size>
         <input_file_ref idref="fl-6"/>
      </object_component>
      <object_component id="oc-30">
         <name>.debug_frame</name>
         <load_address>0x58b</load_address>
         <run_address>0x58b</run_address>
         <size>0x138</size>
         <input_file_ref idref="fl-7"/>
      </object_component>
      <object_component id="oc-36">
         <name>.debug_frame</name>
         <load_address>0x6c3</load_address>
         <run_address>0x6c3</run_address>
         <size>0x171</size>
         <input_file_ref idref="fl-8"/>
      </object_component>
      <object_component id="oc-3b">
         <name>.debug_frame</name>
         <load_address>0x834</load_address>
         <run_address>0x834</run_address>
         <size>0x13a</size>
         <input_file_ref idref="fl-9"/>
      </object_component>
      <object_component id="oc-40">
         <name>.debug_frame</name>
         <load_address>0x96e</load_address>
         <run_address>0x96e</run_address>
         <size>0x1e3</size>
         <input_file_ref idref="fl-a"/>
      </object_component>
      <object_component id="oc-48">
         <name>.debug_frame</name>
         <load_address>0xb51</load_address>
         <run_address>0xb51</run_address>
         <size>0x1c6</size>
         <input_file_ref idref="fl-b"/>
      </object_component>
      <object_component id="oc-4f">
         <name>.debug_frame</name>
         <load_address>0xd17</load_address>
         <run_address>0xd17</run_address>
         <size>0x1cf</size>
         <input_file_ref idref="fl-c"/>
      </object_component>
      <object_component id="oc-57">
         <name>.debug_frame</name>
         <load_address>0xee6</load_address>
         <run_address>0xee6</run_address>
         <size>0x138</size>
         <input_file_ref idref="fl-e"/>
      </object_component>
      <object_component id="oc-5d">
         <name>.debug_frame</name>
         <load_address>0x101e</load_address>
         <run_address>0x101e</run_address>
         <size>0x100</size>
         <input_file_ref idref="fl-f"/>
      </object_component>
      <object_component id="oc-63">
         <name>.debug_frame</name>
         <load_address>0x111e</load_address>
         <run_address>0x111e</run_address>
         <size>0x154</size>
         <input_file_ref idref="fl-10"/>
      </object_component>
      <object_component id="oc-6a">
         <name>.debug_frame</name>
         <load_address>0x1272</load_address>
         <run_address>0x1272</run_address>
         <size>0x197</size>
         <input_file_ref idref="fl-15"/>
      </object_component>
      <object_component id="oc-70">
         <name>.debug_frame</name>
         <load_address>0x1409</load_address>
         <run_address>0x1409</run_address>
         <size>0x1ef</size>
         <input_file_ref idref="fl-16"/>
      </object_component>
      <object_component id="oc-75">
         <name>.debug_frame</name>
         <load_address>0x15f8</load_address>
         <run_address>0x15f8</run_address>
         <size>0x224</size>
         <input_file_ref idref="fl-17"/>
      </object_component>
      <object_component id="oc-15">
         <name>.debug_line</name>
         <load_address>0x0</load_address>
         <run_address>0x0</run_address>
         <size>0x134</size>
         <input_file_ref idref="fl-2"/>
      </object_component>
      <object_component id="oc-1c">
         <name>.debug_line</name>
         <load_address>0x134</load_address>
         <run_address>0x134</run_address>
         <size>0x46</size>
         <input_file_ref idref="fl-3"/>
      </object_component>
      <object_component id="oc-21">
         <name>.debug_line</name>
         <load_address>0x17a</load_address>
         <run_address>0x17a</run_address>
         <size>0xc6</size>
         <input_file_ref idref="fl-4"/>
      </object_component>
      <object_component id="oc-26">
         <name>.debug_line</name>
         <load_address>0x240</load_address>
         <run_address>0x240</run_address>
         <size>0x81</size>
         <input_file_ref idref="fl-5"/>
      </object_component>
      <object_component id="oc-2c">
         <name>.debug_line</name>
         <load_address>0x2c1</load_address>
         <run_address>0x2c1</run_address>
         <size>0x9f</size>
         <input_file_ref idref="fl-6"/>
      </object_component>
      <object_component id="oc-31">
         <name>.debug_line</name>
         <load_address>0x360</load_address>
         <run_address>0x360</run_address>
         <size>0xa6</size>
         <input_file_ref idref="fl-7"/>
      </object_component>
      <object_component id="oc-37">
         <name>.debug_line</name>
         <load_address>0x406</load_address>
         <run_address>0x406</run_address>
         <size>0xe5</size>
         <input_file_ref idref="fl-8"/>
      </object_component>
      <object_component id="oc-3c">
         <name>.debug_line</name>
         <load_address>0x4eb</load_address>
         <run_address>0x4eb</run_address>
         <size>0xd5</size>
         <input_file_ref idref="fl-9"/>
      </object_component>
      <object_component id="oc-41">
         <name>.debug_line</name>
         <load_address>0x5c0</load_address>
         <run_address>0x5c0</run_address>
         <size>0x18e</size>
         <input_file_ref idref="fl-a"/>
      </object_component>
      <object_component id="oc-49">
         <name>.debug_line</name>
         <load_address>0x74e</load_address>
         <run_address>0x74e</run_address>
         <size>0x25a</size>
         <input_file_ref idref="fl-b"/>
      </object_component>
      <object_component id="oc-50">
         <name>.debug_line</name>
         <load_address>0x9a8</load_address>
         <run_address>0x9a8</run_address>
         <size>0x3b4</size>
         <input_file_ref idref="fl-c"/>
      </object_component>
      <object_component id="oc-58">
         <name>.debug_line</name>
         <load_address>0xd5c</load_address>
         <run_address>0xd5c</run_address>
         <size>0xb7</size>
         <input_file_ref idref="fl-e"/>
      </object_component>
      <object_component id="oc-5e">
         <name>.debug_line</name>
         <load_address>0xe13</load_address>
         <run_address>0xe13</run_address>
         <size>0x75</size>
         <input_file_ref idref="fl-f"/>
      </object_component>
      <object_component id="oc-64">
         <name>.debug_line</name>
         <load_address>0xe88</load_address>
         <run_address>0xe88</run_address>
         <size>0xcb</size>
         <input_file_ref idref="fl-10"/>
      </object_component>
      <object_component id="oc-6b">
         <name>.debug_line</name>
         <load_address>0xf53</load_address>
         <run_address>0xf53</run_address>
         <size>0x94c</size>
         <input_file_ref idref="fl-15"/>
      </object_component>
      <object_component id="oc-71">
         <name>.debug_line</name>
         <load_address>0x189f</load_address>
         <run_address>0x189f</run_address>
         <size>0x96d</size>
         <input_file_ref idref="fl-16"/>
      </object_component>
      <object_component id="oc-76">
         <name>.debug_line</name>
         <load_address>0x220c</load_address>
         <run_address>0x220c</run_address>
         <size>0x7c8</size>
         <input_file_ref idref="fl-17"/>
      </object_component>
      <object_component id="oc-7a">
         <name>.debug_line</name>
         <load_address>0x29d4</load_address>
         <run_address>0x29d4</run_address>
         <size>0x5c</size>
         <input_file_ref idref="fl-18"/>
      </object_component>
      <object_component id="oc-7e">
         <name>.debug_line</name>
         <load_address>0x2a30</load_address>
         <run_address>0x2a30</run_address>
         <size>0x54</size>
         <input_file_ref idref="fl-19"/>
      </object_component>
      <object_component id="oc-82">
         <name>.debug_line</name>
         <load_address>0x2a84</load_address>
         <run_address>0x2a84</run_address>
         <size>0xad</size>
         <input_file_ref idref="fl-1a"/>
      </object_component>
      <object_component id="oc-86">
         <name>.debug_line</name>
         <load_address>0x2b31</load_address>
         <run_address>0x2b31</run_address>
         <size>0x5b</size>
         <input_file_ref idref="fl-1b"/>
      </object_component>
      <object_component id="oc-8a">
         <name>.debug_line</name>
         <load_address>0x2b8c</load_address>
         <run_address>0x2b8c</run_address>
         <size>0x44</size>
         <input_file_ref idref="fl-1c"/>
      </object_component>
      <object_component id="oc-91">
         <name>.debug_line</name>
         <load_address>0x2bd0</load_address>
         <run_address>0x2bd0</run_address>
         <size>0x51</size>
         <input_file_ref idref="fl-1d"/>
      </object_component>
      <object_component id="oc-95">
         <name>.debug_line</name>
         <load_address>0x2c21</load_address>
         <run_address>0x2c21</run_address>
         <size>0x3d</size>
         <input_file_ref idref="fl-1e"/>
      </object_component>
      <object_component id="oc-99">
         <name>.debug_line</name>
         <load_address>0x2c5e</load_address>
         <run_address>0x2c5e</run_address>
         <size>0x3d</size>
         <input_file_ref idref="fl-1f"/>
      </object_component>
      <object_component id="oc-9e">
         <name>.debug_line</name>
         <load_address>0x2c9b</load_address>
         <run_address>0x2c9b</run_address>
         <size>0x38</size>
         <input_file_ref idref="fl-20"/>
      </object_component>
      <object_component id="oc-a2">
         <name>.debug_line</name>
         <load_address>0x2cd3</load_address>
         <run_address>0x2cd3</run_address>
         <size>0x3d</size>
         <input_file_ref idref="fl-21"/>
      </object_component>
      <object_component id="oc-a7">
         <name>.debug_line</name>
         <load_address>0x2d10</load_address>
         <run_address>0x2d10</run_address>
         <size>0x44</size>
         <input_file_ref idref="fl-22"/>
      </object_component>
      <object_component id="oc-ab">
         <name>.debug_line</name>
         <load_address>0x2d54</load_address>
         <run_address>0x2d54</run_address>
         <size>0x3d</size>
         <input_file_ref idref="fl-23"/>
      </object_component>
      <object_component id="oc-b0">
         <name>.debug_line</name>
         <load_address>0x2d91</load_address>
         <run_address>0x2d91</run_address>
         <size>0x44</size>
         <input_file_ref idref="fl-24"/>
      </object_component>
      <object_component id="oc-b4">
         <name>.debug_line</name>
         <load_address>0x2dd5</load_address>
         <run_address>0x2dd5</run_address>
         <size>0x40</size>
         <input_file_ref idref="fl-25"/>
      </object_component>
      <object_component id="oc-b8">
         <name>.debug_line</name>
         <load_address>0x2e15</load_address>
         <run_address>0x2e15</run_address>
         <size>0x5c</size>
         <input_file_ref idref="fl-26"/>
      </object_component>
      <object_component id="oc-bc">
         <name>.debug_line</name>
         <load_address>0x2e71</load_address>
         <run_address>0x2e71</run_address>
         <size>0x3c</size>
         <input_file_ref idref="fl-27"/>
      </object_component>
      <object_component id="oc-c1">
         <name>.debug_line</name>
         <load_address>0x2ead</load_address>
         <run_address>0x2ead</run_address>
         <size>0x3c</size>
         <input_file_ref idref="fl-28"/>
      </object_component>
      <object_component id="oc-c5">
         <name>.debug_line</name>
         <load_address>0x2ee9</load_address>
         <run_address>0x2ee9</run_address>
         <size>0x3c</size>
         <input_file_ref idref="fl-29"/>
      </object_component>
      <object_component id="oc-c9">
         <name>.debug_line</name>
         <load_address>0x2f25</load_address>
         <run_address>0x2f25</run_address>
         <size>0x37</size>
         <input_file_ref idref="fl-2a"/>
      </object_component>
      <object_component id="oc-cf">
         <name>.debug_line</name>
         <load_address>0x2f5c</load_address>
         <run_address>0x2f5c</run_address>
         <size>0x4c</size>
         <input_file_ref idref="fl-2b"/>
      </object_component>
      <object_component id="oc-d3">
         <name>.debug_line</name>
         <load_address>0x2fa8</load_address>
         <run_address>0x2fa8</run_address>
         <size>0x44</size>
         <input_file_ref idref="fl-2c"/>
      </object_component>
      <object_component id="oc-d8">
         <name>.debug_line</name>
         <load_address>0x2fec</load_address>
         <run_address>0x2fec</run_address>
         <size>0x53</size>
         <input_file_ref idref="fl-2d"/>
      </object_component>
      <object_component id="oc-dc">
         <name>.debug_line</name>
         <load_address>0x303f</load_address>
         <run_address>0x303f</run_address>
         <size>0x37</size>
         <input_file_ref idref="fl-2e"/>
      </object_component>
      <object_component id="oc-e0">
         <name>.debug_line</name>
         <load_address>0x3076</load_address>
         <run_address>0x3076</run_address>
         <size>0x37</size>
         <input_file_ref idref="fl-2f"/>
      </object_component>
      <object_component id="oc-e6">
         <name>.debug_line</name>
         <load_address>0x30ad</load_address>
         <run_address>0x30ad</run_address>
         <size>0x57</size>
         <input_file_ref idref="fl-30"/>
      </object_component>
      <object_component id="oc-ea">
         <name>.debug_line</name>
         <load_address>0x3104</load_address>
         <run_address>0x3104</run_address>
         <size>0x41</size>
         <input_file_ref idref="fl-31"/>
      </object_component>
      <object_component id="oc-ee">
         <name>.debug_line</name>
         <load_address>0x3145</load_address>
         <run_address>0x3145</run_address>
         <size>0x55</size>
         <input_file_ref idref="fl-32"/>
      </object_component>
      <object_component id="oc-f6">
         <name>.debug_line</name>
         <load_address>0x319a</load_address>
         <run_address>0x319a</run_address>
         <size>0x3a</size>
         <input_file_ref idref="fl-34"/>
      </object_component>
      <object_component id="oc-fb">
         <name>.debug_line</name>
         <load_address>0x31d4</load_address>
         <run_address>0x31d4</run_address>
         <size>0x3a</size>
         <input_file_ref idref="fl-35"/>
      </object_component>
      <object_component id="oc-100">
         <name>.debug_line</name>
         <load_address>0x320e</load_address>
         <run_address>0x320e</run_address>
         <size>0x3a</size>
         <input_file_ref idref="fl-36"/>
      </object_component>
      <object_component id="oc-16">
         <name>.debug_abbrev</name>
         <load_address>0x0</load_address>
         <run_address>0x0</run_address>
         <size>0xef</size>
         <input_file_ref idref="fl-2"/>
      </object_component>
      <object_component id="oc-1d">
         <name>.debug_abbrev</name>
         <load_address>0xef</load_address>
         <run_address>0xef</run_address>
         <size>0xde</size>
         <input_file_ref idref="fl-3"/>
      </object_component>
      <object_component id="oc-22">
         <name>.debug_abbrev</name>
         <load_address>0x1cd</load_address>
         <run_address>0x1cd</run_address>
         <size>0x103</size>
         <input_file_ref idref="fl-4"/>
      </object_component>
      <object_component id="oc-27">
         <name>.debug_abbrev</name>
         <load_address>0x2d0</load_address>
         <run_address>0x2d0</run_address>
         <size>0x12d</size>
         <input_file_ref idref="fl-5"/>
      </object_component>
      <object_component id="oc-2d">
         <name>.debug_abbrev</name>
         <load_address>0x3fd</load_address>
         <run_address>0x3fd</run_address>
         <size>0x122</size>
         <input_file_ref idref="fl-6"/>
      </object_component>
      <object_component id="oc-32">
         <name>.debug_abbrev</name>
         <load_address>0x51f</load_address>
         <run_address>0x51f</run_address>
         <size>0xd9</size>
         <input_file_ref idref="fl-7"/>
      </object_component>
      <object_component id="oc-38">
         <name>.debug_abbrev</name>
         <load_address>0x5f8</load_address>
         <run_address>0x5f8</run_address>
         <size>0x164</size>
         <input_file_ref idref="fl-8"/>
      </object_component>
      <object_component id="oc-3d">
         <name>.debug_abbrev</name>
         <load_address>0x75c</load_address>
         <run_address>0x75c</run_address>
         <size>0x10d</size>
         <input_file_ref idref="fl-9"/>
      </object_component>
      <object_component id="oc-42">
         <name>.debug_abbrev</name>
         <load_address>0x869</load_address>
         <run_address>0x869</run_address>
         <size>0x130</size>
         <input_file_ref idref="fl-a"/>
      </object_component>
      <object_component id="oc-4a">
         <name>.debug_abbrev</name>
         <load_address>0x999</load_address>
         <run_address>0x999</run_address>
         <size>0x18d</size>
         <input_file_ref idref="fl-b"/>
      </object_component>
      <object_component id="oc-51">
         <name>.debug_abbrev</name>
         <load_address>0xb26</load_address>
         <run_address>0xb26</run_address>
         <size>0x217</size>
         <input_file_ref idref="fl-c"/>
      </object_component>
      <object_component id="oc-53">
         <name>.debug_abbrev</name>
         <load_address>0xd3d</load_address>
         <run_address>0xd3d</run_address>
         <size>0x8a</size>
         <input_file_ref idref="fl-d"/>
      </object_component>
      <object_component id="oc-59">
         <name>.debug_abbrev</name>
         <load_address>0xdc7</load_address>
         <run_address>0xdc7</run_address>
         <size>0xb9</size>
         <input_file_ref idref="fl-e"/>
      </object_component>
      <object_component id="oc-5f">
         <name>.debug_abbrev</name>
         <load_address>0xe80</load_address>
         <run_address>0xe80</run_address>
         <size>0xc9</size>
         <input_file_ref idref="fl-f"/>
      </object_component>
      <object_component id="oc-65">
         <name>.debug_abbrev</name>
         <load_address>0xf49</load_address>
         <run_address>0xf49</run_address>
         <size>0x10c</size>
         <input_file_ref idref="fl-10"/>
      </object_component>
      <object_component id="oc-6c">
         <name>.debug_abbrev</name>
         <load_address>0x1055</load_address>
         <run_address>0x1055</run_address>
         <size>0x237</size>
         <input_file_ref idref="fl-15"/>
      </object_component>
      <object_component id="oc-72">
         <name>.debug_abbrev</name>
         <load_address>0x128c</load_address>
         <run_address>0x128c</run_address>
         <size>0x25d</size>
         <input_file_ref idref="fl-16"/>
      </object_component>
      <object_component id="oc-77">
         <name>.debug_abbrev</name>
         <load_address>0x14e9</load_address>
         <run_address>0x14e9</run_address>
         <size>0x1a7</size>
         <input_file_ref idref="fl-17"/>
      </object_component>
      <object_component id="oc-7b">
         <name>.debug_abbrev</name>
         <load_address>0x1690</load_address>
         <run_address>0x1690</run_address>
         <size>0xd4</size>
         <input_file_ref idref="fl-18"/>
      </object_component>
      <object_component id="oc-7f">
         <name>.debug_abbrev</name>
         <load_address>0x1764</load_address>
         <run_address>0x1764</run_address>
         <size>0x3a</size>
         <input_file_ref idref="fl-19"/>
      </object_component>
      <object_component id="oc-83">
         <name>.debug_abbrev</name>
         <load_address>0x179e</load_address>
         <run_address>0x179e</run_address>
         <size>0xb7</size>
         <input_file_ref idref="fl-1a"/>
      </object_component>
      <object_component id="oc-87">
         <name>.debug_abbrev</name>
         <load_address>0x1855</load_address>
         <run_address>0x1855</run_address>
         <size>0x112</size>
         <input_file_ref idref="fl-1b"/>
      </object_component>
      <object_component id="oc-8b">
         <name>.debug_abbrev</name>
         <load_address>0x1967</load_address>
         <run_address>0x1967</run_address>
         <size>0xb5</size>
         <input_file_ref idref="fl-1c"/>
      </object_component>
      <object_component id="oc-92">
         <name>.debug_abbrev</name>
         <load_address>0x1a1c</load_address>
         <run_address>0x1a1c</run_address>
         <size>0xf7</size>
         <input_file_ref idref="fl-1d"/>
      </object_component>
      <object_component id="oc-96">
         <name>.debug_abbrev</name>
         <load_address>0x1b13</load_address>
         <run_address>0x1b13</run_address>
         <size>0x8f</size>
         <input_file_ref idref="fl-1e"/>
      </object_component>
      <object_component id="oc-9a">
         <name>.debug_abbrev</name>
         <load_address>0x1ba2</load_address>
         <run_address>0x1ba2</run_address>
         <size>0xb7</size>
         <input_file_ref idref="fl-1f"/>
      </object_component>
      <object_component id="oc-9f">
         <name>.debug_abbrev</name>
         <load_address>0x1c59</load_address>
         <run_address>0x1c59</run_address>
         <size>0xaf</size>
         <input_file_ref idref="fl-20"/>
      </object_component>
      <object_component id="oc-a3">
         <name>.debug_abbrev</name>
         <load_address>0x1d08</load_address>
         <run_address>0x1d08</run_address>
         <size>0x8f</size>
         <input_file_ref idref="fl-21"/>
      </object_component>
      <object_component id="oc-a8">
         <name>.debug_abbrev</name>
         <load_address>0x1d97</load_address>
         <run_address>0x1d97</run_address>
         <size>0xc2</size>
         <input_file_ref idref="fl-22"/>
      </object_component>
      <object_component id="oc-ac">
         <name>.debug_abbrev</name>
         <load_address>0x1e59</load_address>
         <run_address>0x1e59</run_address>
         <size>0x8f</size>
         <input_file_ref idref="fl-23"/>
      </object_component>
      <object_component id="oc-b1">
         <name>.debug_abbrev</name>
         <load_address>0x1ee8</load_address>
         <run_address>0x1ee8</run_address>
         <size>0xc2</size>
         <input_file_ref idref="fl-24"/>
      </object_component>
      <object_component id="oc-b5">
         <name>.debug_abbrev</name>
         <load_address>0x1faa</load_address>
         <run_address>0x1faa</run_address>
         <size>0x9a</size>
         <input_file_ref idref="fl-25"/>
      </object_component>
      <object_component id="oc-b9">
         <name>.debug_abbrev</name>
         <load_address>0x2044</load_address>
         <run_address>0x2044</run_address>
         <size>0x38</size>
         <input_file_ref idref="fl-26"/>
      </object_component>
      <object_component id="oc-bd">
         <name>.debug_abbrev</name>
         <load_address>0x207c</load_address>
         <run_address>0x207c</run_address>
         <size>0x38</size>
         <input_file_ref idref="fl-27"/>
      </object_component>
      <object_component id="oc-c2">
         <name>.debug_abbrev</name>
         <load_address>0x20b4</load_address>
         <run_address>0x20b4</run_address>
         <size>0x98</size>
         <input_file_ref idref="fl-28"/>
      </object_component>
      <object_component id="oc-c6">
         <name>.debug_abbrev</name>
         <load_address>0x214c</load_address>
         <run_address>0x214c</run_address>
         <size>0xdc</size>
         <input_file_ref idref="fl-29"/>
      </object_component>
      <object_component id="oc-ca">
         <name>.debug_abbrev</name>
         <load_address>0x2228</load_address>
         <run_address>0x2228</run_address>
         <size>0x81</size>
         <input_file_ref idref="fl-2a"/>
      </object_component>
      <object_component id="oc-d0">
         <name>.debug_abbrev</name>
         <load_address>0x22a9</load_address>
         <run_address>0x22a9</run_address>
         <size>0xf9</size>
         <input_file_ref idref="fl-2b"/>
      </object_component>
      <object_component id="oc-d4">
         <name>.debug_abbrev</name>
         <load_address>0x23a2</load_address>
         <run_address>0x23a2</run_address>
         <size>0xb5</size>
         <input_file_ref idref="fl-2c"/>
      </object_component>
      <object_component id="oc-d9">
         <name>.debug_abbrev</name>
         <load_address>0x2457</load_address>
         <run_address>0x2457</run_address>
         <size>0x119</size>
         <input_file_ref idref="fl-2d"/>
      </object_component>
      <object_component id="oc-dd">
         <name>.debug_abbrev</name>
         <load_address>0x2570</load_address>
         <run_address>0x2570</run_address>
         <size>0x8f</size>
         <input_file_ref idref="fl-2e"/>
      </object_component>
      <object_component id="oc-e1">
         <name>.debug_abbrev</name>
         <load_address>0x25ff</load_address>
         <run_address>0x25ff</run_address>
         <size>0x26</size>
         <input_file_ref idref="fl-2f"/>
      </object_component>
      <object_component id="oc-e7">
         <name>.debug_abbrev</name>
         <load_address>0x2625</load_address>
         <run_address>0x2625</run_address>
         <size>0x9f</size>
         <input_file_ref idref="fl-30"/>
      </object_component>
      <object_component id="oc-eb">
         <name>.debug_abbrev</name>
         <load_address>0x26c4</load_address>
         <run_address>0x26c4</run_address>
         <size>0xec</size>
         <input_file_ref idref="fl-31"/>
      </object_component>
      <object_component id="oc-ef">
         <name>.debug_abbrev</name>
         <load_address>0x27b0</load_address>
         <run_address>0x27b0</run_address>
         <size>0x44</size>
         <input_file_ref idref="fl-32"/>
      </object_component>
      <object_component id="oc-f3">
         <name>.debug_abbrev</name>
         <load_address>0x27f4</load_address>
         <run_address>0x27f4</run_address>
         <size>0x44</size>
         <input_file_ref idref="fl-33"/>
      </object_component>
      <object_component id="oc-f7">
         <name>.debug_abbrev</name>
         <load_address>0x2838</load_address>
         <run_address>0x2838</run_address>
         <size>0x81</size>
         <input_file_ref idref="fl-34"/>
      </object_component>
      <object_component id="oc-fc">
         <name>.debug_abbrev</name>
         <load_address>0x28b9</load_address>
         <run_address>0x28b9</run_address>
         <size>0xa8</size>
         <input_file_ref idref="fl-35"/>
      </object_component>
      <object_component id="oc-101">
         <name>.debug_abbrev</name>
         <load_address>0x2961</load_address>
         <run_address>0x2961</run_address>
         <size>0x9f</size>
         <input_file_ref idref="fl-36"/>
      </object_component>
      <object_component id="oc-124">
         <name>.debug_abbrev</name>
         <load_address>0x2a00</load_address>
         <run_address>0x2a00</run_address>
         <size>0xd</size>
      </object_component>
   </object_component_list>
   <logical_group_list>
      <logical_group id="lg-120">
         <name>.text</name>
         <load_address>0x20000</load_address>
         <run_address>0x20000</run_address>
         <size>0x4c90</size>
         <contents>
            <object_component_ref idref="oc-4b"/>
            <object_component_ref idref="oc-6d"/>
            <object_component_ref idref="oc-66"/>
            <object_component_ref idref="oc-73"/>
            <object_component_ref idref="oc-43"/>
            <object_component_ref idref="oc-84"/>
            <object_component_ref idref="oc-78"/>
            <object_component_ref idref="oc-1e"/>
            <object_component_ref idref="oc-12"/>
            <object_component_ref idref="oc-80"/>
            <object_component_ref idref="oc-3e"/>
            <object_component_ref idref="oc-39"/>
            <object_component_ref idref="oc-c3"/>
            <object_component_ref idref="oc-60"/>
            <object_component_ref idref="oc-d5"/>
            <object_component_ref idref="oc-33"/>
            <object_component_ref idref="oc-fd"/>
            <object_component_ref idref="oc-f8"/>
            <object_component_ref idref="oc-be"/>
            <object_component_ref idref="oc-9b"/>
            <object_component_ref idref="oc-88"/>
            <object_component_ref idref="oc-2e"/>
            <object_component_ref idref="oc-28"/>
            <object_component_ref idref="oc-54"/>
            <object_component_ref idref="oc-f4"/>
            <object_component_ref idref="oc-b2"/>
            <object_component_ref idref="oc-d1"/>
            <object_component_ref idref="oc-97"/>
            <object_component_ref idref="oc-a4"/>
            <object_component_ref idref="oc-cb"/>
            <object_component_ref idref="oc-ad"/>
            <object_component_ref idref="oc-5a"/>
            <object_component_ref idref="oc-23"/>
            <object_component_ref idref="oc-ec"/>
            <object_component_ref idref="oc-e8"/>
            <object_component_ref idref="oc-17"/>
            <object_component_ref idref="oc-8c"/>
            <object_component_ref idref="oc-b6"/>
            <object_component_ref idref="oc-10"/>
            <object_component_ref idref="oc-93"/>
            <object_component_ref idref="oc-da"/>
            <object_component_ref idref="oc-ba"/>
            <object_component_ref idref="oc-e2"/>
            <object_component_ref idref="oc-c7"/>
            <object_component_ref idref="oc-a9"/>
            <object_component_ref idref="oc-a0"/>
            <object_component_ref idref="oc-90"/>
            <object_component_ref idref="oc-de"/>
         </contents>
      </logical_group>
      <split_section id="lg-2">
         <name>.text</name>
         <contents>
            <logical_group_ref idref="lg-120"/>
         </contents>
      </split_section>
      <logical_group id="lg-3">
         <name>.stack</name>
         <run_address>0xc0</run_address>
         <size>0x2000</size>
         <contents>
            <object_component_ref idref="oc-7c"/>
            <object_component_ref idref="oc-11d"/>
         </contents>
      </logical_group>
      <logical_group id="lg-4">
         <name>.sysstack</name>
         <run_address>0x20c0</run_address>
         <size>0x1000</size>
         <contents>
            <object_component_ref idref="oc-102"/>
            <object_component_ref idref="oc-11e"/>
         </contents>
      </logical_group>
      <logical_group id="lg-5">
         <name>.data</name>
         <run_address>0xc0</run_address>
         <size>0x0</size>
         <contents>
         </contents>
      </logical_group>
      <logical_group id="lg-121">
         <name>.bss</name>
         <run_address>0x30c0</run_address>
         <size>0x9c70</size>
         <contents>
            <object_component_ref idref="oc-44"/>
            <object_component_ref idref="oc-f0"/>
            <object_component_ref idref="oc-4c"/>
            <object_component_ref idref="oc-18"/>
            <object_component_ref idref="oc-67"/>
            <object_component_ref idref="oc-6e"/>
            <object_component_ref idref="oc-61"/>
            <object_component_ref idref="oc-29"/>
            <object_component_ref idref="oc-e3"/>
            <object_component_ref idref="oc-8d"/>
            <object_component_ref idref="oc-34"/>
            <object_component_ref idref="oc-cc"/>
         </contents>
      </logical_group>
      <split_section id="lg-6">
         <name>.bss</name>
         <contents>
            <logical_group_ref idref="lg-121"/>
         </contents>
      </split_section>
      <logical_group id="lg-122">
         <name>.const</name>
         <load_address>0xcd30</load_address>
         <run_address>0xcd30</run_address>
         <size>0x220</size>
         <contents>
            <object_component_ref idref="oc-103"/>
            <object_component_ref idref="oc-4e"/>
            <object_component_ref idref="oc-ff"/>
            <object_component_ref idref="oc-d7"/>
            <object_component_ref idref="oc-105"/>
            <object_component_ref idref="oc-9d"/>
            <object_component_ref idref="oc-fa"/>
            <object_component_ref idref="oc-c0"/>
            <object_component_ref idref="oc-47"/>
            <object_component_ref idref="oc-104"/>
            <object_component_ref idref="oc-56"/>
            <object_component_ref idref="oc-5c"/>
            <object_component_ref idref="oc-a6"/>
            <object_component_ref idref="oc-af"/>
         </contents>
      </logical_group>
      <split_section id="lg-7">
         <name>.const</name>
         <contents>
            <logical_group_ref idref="lg-122"/>
         </contents>
      </split_section>
      <logical_group id="lg-8">
         <name>.sysmem</name>
         <run_address>0x0</run_address>
         <size>0x0</size>
         <contents>
         </contents>
      </logical_group>
      <logical_group id="lg-9">
         <name>.switch</name>
         <run_address>0x0</run_address>
         <size>0x0</size>
         <contents>
         </contents>
      </logical_group>
      <logical_group id="lg-a">
         <name>.cinit</name>
         <load_address>0x40000</load_address>
         <run_address>0x40000</run_address>
         <size>0x34a</size>
         <contents>
            <object_component_ref idref="oc-1a"/>
            <object_component_ref idref="oc-46"/>
            <object_component_ref idref="oc-e5"/>
            <object_component_ref idref="oc-8f"/>
            <object_component_ref idref="oc-69"/>
            <object_component_ref idref="oc-ce"/>
            <object_component_ref idref="oc-f2"/>
         </contents>
      </logical_group>
      <logical_group id="lg-b">
         <name>.pinit</name>
         <run_address>0x0</run_address>
         <size>0x0</size>
         <contents>
         </contents>
      </logical_group>
      <logical_group id="lg-c">
         <name>.cio</name>
[...]
      </symbol>
      <symbol id="sm-17c">
         <name>_Reconstruction</name>
         <value>0x3d9a</value>
         <object_component_ref idref="oc-44"/>
      </symbol>
      <symbol id="sm-17d">
         <name>_zeroPadding</name>
         <value>0x22af6</value>
         <object_component_ref idref="oc-43"/>
      </symbol>
      <symbol id="sm-17e">
         <name>_delayLine</name>
         <value>0x3dfa</value>
         <object_component_ref idref="oc-44"/>
      </symbol>
      <symbol id="sm-17f">
         <name>_bitCollection</name>
         <value>0x319a</value>
         <object_component_ref idref="oc-44"/>
      </symbol>
      <symbol id="sm-180">
         <name>_RXBits</name>
         <value>0x8074</value>
         <object_component_ref idref="oc-44"/>
      </symbol>
      <symbol id="sm-181">
         <name>_number_reconstruction</name>
         <value>0x22bc9</value>
         <object_component_ref idref="oc-43"/>
      </symbol>
      <symbol id="sm-182">
         <name>_padBitCollection</name>
         <value>0x3e74</value>
         <object_component_ref idref="oc-44"/>
      </symbol>
      <symbol id="sm-183">
         <name>_bitCollection2</name>
         <value>0xc274</value>
         <object_component_ref idref="oc-44"/>
      </symbol>
      <symbol id="sm-184">
         <name>_StopTest</name>
         <value>0x228fe</value>
         <object_component_ref idref="oc-43"/>
      </symbol>
      <symbol id="sm-185">
         <name>_symbolsCollection</name>
         <value>0x379a</value>
         <object_component_ref idref="oc-44"/>
      </symbol>
      <symbol id="sm-186">
         <name>_symbol_extraction</name>
         <value>0x22ab3</value>
         <object_component_ref idref="oc-43"/>
      </symbol>
      <symbol id="sm-187">
         <name>_bit_extraction</name>
         <value>0x22a3a</value>
         <object_component_ref idref="oc-43"/>
      </symbol>
      <symbol id="sm-188">
         <name>_error_detection</name>
         <value>0x22cff</value>
         <object_component_ref idref="oc-43"/>
      </symbol>
      <symbol id="sm-189">
         <name>_noiser</name>
         <value>0x22c3a</value>
         <object_component_ref idref="oc-43"/>
      </symbol>
      <symbol id="sm-18a">
         <name>_boop</name>
         <value>0xc874</value>
         <object_component_ref idref="oc-44"/>
      </symbol>
      <symbol id="sm-1f8">
         <name>_FFT_step</name>
         <value>0x20ab8</value>
         <object_component_ref idref="oc-4b"/>
      </symbol>
      <symbol id="sm-1f9">
         <name>_FFT_M</name>
         <value>0xceb0</value>
         <object_component_ref idref="oc-4e"/>
      </symbol>
      <symbol id="sm-1fa">
         <name>_FFT_U</name>
         <value>0xc878</value>
         <object_component_ref idref="oc-4c"/>
      </symbol>
      <symbol id="sm-1fb">
         <name>_FFT_Y</name>
         <value>0xc978</value>
         <object_component_ref idref="oc-4c"/>
      </symbol>
      <symbol id="sm-1fc">
         <name>_FFT_initialize</name>
         <value>0x20c34</value>
         <object_component_ref idref="oc-4b"/>
      </symbol>
      <symbol id="sm-1fd">
         <name>_MWDSPCG_FFT_DblLen_C</name>
         <value>0x2060e</value>
         <object_component_ref idref="oc-4b"/>
      </symbol>
      <symbol id="sm-1fe">
         <name>_MWDSPCG_FFT_Interleave_R2BR_S</name>
         <value>0x20000</value>
         <object_component_ref idref="oc-4b"/>
      </symbol>
      <symbol id="sm-1ff">
         <name>_rt_hypotf_snf</name>
         <value>0x20a04</value>
         <object_component_ref idref="oc-4b"/>
      </symbol>
      <symbol id="sm-200">
         <name>_FFT_terminate</name>
         <value>0x20c40</value>
         <object_component_ref idref="oc-4b"/>
      </symbol>
      <symbol id="sm-201">
         <name>_MWDSPCG_R2DIT_TBLS_C</name>
         <value>0x201eb</value>
         <object_component_ref idref="oc-4b"/>
      </symbol>
      <symbol id="sm-209">
         <name>_FFT_ConstP</name>
         <value>0xcd30</value>
         <object_component_ref idref="oc-103"/>
      </symbol>
      <symbol id="sm-21a">
         <name>_rtGetInfF</name>
         <value>0x24681</value>
         <object_component_ref idref="oc-54"/>
      </symbol>
      <symbol id="sm-21b">
         <name>_rtGetMinusInfF</name>
         <value>0x246c3</value>
         <object_component_ref idref="oc-54"/>
      </symbol>
      <symbol id="sm-21c">
         <name>_rtGetMinusInf</name>
         <value>0x24691</value>
         <object_component_ref idref="oc-54"/>
      </symbol>
      <symbol id="sm-21d">
         <name>_rtGetInf</name>
         <value>0x2464f</value>
         <object_component_ref idref="oc-54"/>
      </symbol>
      <symbol id="sm-22f">
         <name>_rtGetNaN</name>
         <value>0x249bf</value>
         <object_component_ref idref="oc-5a"/>
      </symbol>
      <symbol id="sm-230">
         <name>_rtGetNaNF</name>
         <value>0x249fb</value>
         <object_component_ref idref="oc-5a"/>
      </symbol>
      <symbol id="sm-247">
         <name>_rtInf</name>
         <value>0xccf8</value>
         <object_component_ref idref="oc-61"/>
      </symbol>
      <symbol id="sm-248">
         <name>_rtNaNF</name>
         <value>0xcd0c</value>
         <object_component_ref idref="oc-61"/>
      </symbol>
      <symbol id="sm-249">
         <name>_rtIsNaNF</name>
         <value>0x23f2b</value>
         <object_component_ref idref="oc-60"/>
      </symbol>
      <symbol id="sm-24a">
         <name>_rtIsInf</name>
         <value>0x23e83</value>
         <object_component_ref idref="oc-60"/>
      </symbol>
      <symbol id="sm-24b">
         <name>_rtMinusInfF</name>
         <value>0xcd08</value>
         <object_component_ref idref="oc-61"/>
      </symbol>
      <symbol id="sm-24c">
         <name>_rtIsInfF</name>
         <value>0x23ead</value>
         <object_component_ref idref="oc-60"/>
      </symbol>
      <symbol id="sm-24d">
         <name>_rtInfF</name>
         <value>0xcd04</value>
         <object_component_ref idref="oc-61"/>
      </symbol>
      <symbol id="sm-24e">
         <name>_rtIsNaN</name>
         <value>0x23ed7</value>
         <object_component_ref idref="oc-60"/>
      </symbol>
      <symbol id="sm-24f">
         <name>_rtNaN</name>
         <value>0xcd00</value>
         <object_component_ref idref="oc-61"/>
      </symbol>
      <symbol id="sm-250">
         <name>_rtMinusInf</name>
         <value>0xccfc</value>
         <object_component_ref idref="oc-61"/>
      </symbol>
      <symbol id="sm-251">
         <name>_rt_InitInfAndNaN</name>
         <value>0x23e3f</value>
         <object_component_ref idref="oc-60"/>
      </symbol>
      <symbol id="sm-2f6">
         <name>_I2S_write</name>
         <value>0x2201f</value>
         <object_component_ref idref="oc-66"/>
      </symbol>
      <symbol id="sm-2f7">
         <name>_I2S_read</name>
         <value>0x21d65</value>
         <object_component_ref idref="oc-66"/>
      </symbol>
      <symbol id="sm-2f8">
         <name>_I2S_close</name>
         <value>0x21cb3</value>
         <object_component_ref idref="oc-66"/>
      </symbol>
      <symbol id="sm-2f9">
         <name>_ouError</name>
         <value>0xccd2</value>
         <object_component_ref idref="oc-67"/>
      </symbol>
      <symbol id="sm-2fa">
         <name>_I2S_reset</name>
         <value>0x22175</value>
         <object_component_ref idref="oc-66"/>
      </symbol>
      <symbol id="sm-2fb">
         <name>_I2S_setup</name>
         <value>0x219c5</value>
         <object_component_ref idref="oc-66"/>
      </symbol>
      <symbol id="sm-2fc">
         <name>_fsError</name>
         <value>0xccd0</value>
         <object_component_ref idref="oc-67"/>
      </symbol>
      <symbol id="sm-2fd">
         <name>_I2S_open</name>
         <value>0x2187e</value>
         <object_component_ref idref="oc-66"/>
      </symbol>
      <symbol id="sm-2fe">
         <name>_I2S_transEnable</name>
         <value>0x22226</value>
         <object_component_ref idref="oc-66"/>
      </symbol>
      <symbol id="sm-37b">
         <name>_I2C_eventEnable</name>
         <value>0x21582</value>
         <object_component_ref idref="oc-6d"/>
      </symbol>
      <symbol id="sm-37c">
         <name>_I2C_setCallback</name>
         <value>0x217d5</value>
         <object_component_ref idref="oc-6d"/>
      </symbol>
      <symbol id="sm-37d">
         <name>_I2C_init</name>
         <value>0x20c42</value>
         <object_component_ref idref="oc-6d"/>
      </symbol>
      <symbol id="sm-37e">
         <name>_I2C_config</name>
         <value>0x20ceb</value>
         <object_component_ref idref="oc-6d"/>
      </symbol>
      <symbol id="sm-37f">
         <name>_gI2cObj</name>
         <value>0xccd4</value>
         <object_component_ref idref="oc-6e"/>
      </symbol>
      <symbol id="sm-380">
         <name>_I2C_getConfig</name>
         <value>0x20e50</value>
         <object_component_ref idref="oc-6d"/>
      </symbol>
      <symbol id="sm-381">
         <name>_I2C_setup</name>
         <value>0x20f26</value>
         <object_component_ref idref="oc-6d"/>
      </symbol>
      <symbol id="sm-382">
         <name>_I2C_write</name>
         <value>0x21120</value>
         <object_component_ref idref="oc-6d"/>
      </symbol>
      <symbol id="sm-383">
         <name>_I2C_read</name>
         <value>0x21364</value>
         <object_component_ref idref="oc-6d"/>
      </symbol>
      <symbol id="sm-384">
         <name>_I2C_eventDisable</name>
         <value>0x216b6</value>
         <object_component_ref idref="oc-6d"/>
      </symbol>
      <symbol id="sm-385">
         <name>_I2C_getEventId</name>
         <value>0x21862</value>
         <object_component_ref idref="oc-6d"/>
      </symbol>
      <symbol id="sm-386">
         <name>_i2cHandle</name>
         <value>0xccf4</value>
         <object_component_ref idref="oc-6e"/>
      </symbol>
      <symbol id="sm-3cb">
         <name>_GPIO_write</name>
         <value>0x22469</value>
         <object_component_ref idref="oc-73"/>
      </symbol>
      <symbol id="sm-3cc">
         <name>_GPIO_read</name>
         <value>0x223e6</value>
         <object_component_ref idref="oc-73"/>
      </symbol>
      <symbol id="sm-3cd">
         <name>_GPIO_close</name>
         <value>0x222b5</value>
         <object_component_ref idref="oc-73"/>
      </symbol>
      <symbol id="sm-3ce">
         <name>_GPIO_enableInt</name>
         <value>0x226d2</value>
         <object_component_ref idref="oc-73"/>
      </symbol>
      <symbol id="sm-3cf">
         <name>_GPIO_clearInt</name>
         <value>0x2275c</value>
         <object_component_ref idref="oc-73"/>
      </symbol>
      <symbol id="sm-3d0">
         <name>_GPIO_statusBit</name>
         <value>0x227e8</value>
         <object_component_ref idref="oc-73"/>
      </symbol>
      <symbol id="sm-3d1">
         <name>_GPIO_configBit</name>
         <value>0x2250c</value>
         <object_component_ref idref="oc-73"/>
      </symbol>
      <symbol id="sm-3d2">
         <name>_GPIO_reset</name>
         <value>0x2286f</value>
         <object_component_ref idref="oc-73"/>
      </symbol>
      <symbol id="sm-3d3">
         <name>_GPIO_getConfig</name>
         <value>0x2235e</value>
         <object_component_ref idref="oc-73"/>
      </symbol>
      <symbol id="sm-3d4">
         <name>_GPIO_disableInt</name>
         <value>0x22654</value>
         <object_component_ref idref="oc-73"/>
      </symbol>
      <symbol id="sm-3d5">
         <name>_GPIO_config</name>
         <value>0x222d9</value>
         <object_component_ref idref="oc-73"/>
      </symbol>
      <symbol id="sm-3d6">
         <name>_GPIO_open</name>
         <value>0x22271</value>
         <object_component_ref idref="oc-73"/>
      </symbol>
      <symbol id="sm-3e0">
         <name>__addd</name>
         <value>0x23113</value>
         <object_component_ref idref="oc-78"/>
      </symbol>
      <symbol id="sm-3ec">
         <name>__sysstack</name>
         <value>0x20c0</value>
         <object_component_ref idref="oc-102"/>
      </symbol>
      <symbol id="sm-3ed">
         <name>_c_int00</name>
         <value>0x24bc5</value>
         <object_component_ref idref="oc-10"/>
      </symbol>
      <symbol id="sm-3ee">
         <name>__stack</name>
         <value>0xc0</value>
         <object_component_ref idref="oc-7c"/>
      </symbol>
      <symbol id="sm-3f8">
         <name>__eqld</name>
         <value>0x238ee</value>
         <object_component_ref idref="oc-80"/>
      </symbol>
      <symbol id="sm-3f9">
         <name>__cmpd</name>
         <value>0x23922</value>
         <object_component_ref idref="oc-80"/>
      </symbol>
      <symbol id="sm-3fa">
         <name>__neqd</name>
         <value>0x23790</value>
         <object_component_ref idref="oc-80"/>
      </symbol>
      <symbol id="sm-3fb">
         <name>__gtrd</name>
         <value>0x23859</value>
         <object_component_ref idref="oc-80"/>
      </symbol>
      <symbol id="sm-3fc">
         <name>__geqd</name>
         <value>0x238a4</value>
         <object_component_ref idref="oc-80"/>
      </symbol>
      <symbol id="sm-3fd">
         <name>__leqd</name>
         <value>0x2380c</value>
         <object_component_ref idref="oc-80"/>
      </symbol>
      <symbol id="sm-3fe">
         <name>__lssd</name>
         <value>0x237c4</value>
         <object_component_ref idref="oc-80"/>
      </symbol>
      <symbol id="sm-40a">
         <name>__divd</name>
         <value>0x22d47</value>
         <object_component_ref idref="oc-84"/>
      </symbol>
      <symbol id="sm-415">
         <name>__divul</name>
         <value>0x24499</value>
         <object_component_ref idref="oc-88"/>
      </symbol>
      <symbol id="sm-425">
         <name>C$$EXIT</name>
         <value>0x24c87</value>
         <object_component_ref idref="oc-90"/>
      </symbol>
      <symbol id="sm-426">
         <name>_exit</name>
         <value>0x24b4b</value>
         <object_component_ref idref="oc-8c"/>
      </symbol>
      <symbol id="sm-427">
         <name>_abort</name>
         <value>0x24c86</value>
         <object_component_ref idref="oc-90"/>
      </symbol>
      <symbol id="sm-428">
         <name>__cleanup_ptr</name>
         <value>0xcd20</value>
         <object_component_ref idref="oc-8d"/>
      </symbol>
      <symbol id="sm-429">
         <name>__dtors_ptr</name>
         <value>0xcd24</value>
         <object_component_ref idref="oc-8d"/>
      </symbol>
      <symbol id="sm-433">
         <name>__fixdi</name>
         <value>0x24bf9</value>
         <object_component_ref idref="oc-93"/>
      </symbol>
      <symbol id="sm-43d">
         <name>__fixdli</name>
         <value>0x2482e</value>
         <object_component_ref idref="oc-97"/>
      </symbol>
      <symbol id="sm-449">
         <name>_floor</name>
         <value>0x243f7</value>
         <object_component_ref idref="oc-9b"/>
      </symbol>
      <symbol id="sm-453">
         <name>__fltid</name>
         <value>0x24c7a</value>
         <object_component_ref idref="oc-a0"/>
      </symbol>
      <symbol id="sm-45f">
         <name>__fltlid</name>
         <value>0x2489d</value>
         <object_component_ref idref="oc-a4"/>
      </symbol>
      <symbol id="sm-469">
         <name>__fltud</name>
         <value>0x24c6c</value>
         <object_component_ref idref="oc-a9"/>
      </symbol>
      <symbol id="sm-475">
         <name>__fltuld</name>
         <value>0x24964</value>
         <object_component_ref idref="oc-ad"/>
      </symbol>
      <symbol id="sm-47f">
         <name>__frcmpyd_div</name>
         <value>0x24749</value>
         <object_component_ref idref="oc-b2"/>
      </symbol>
      <symbol id="sm-487">
         <name>__remi</name>
         <value>0x24ba8</value>
         <object_component_ref idref="oc-b6"/>
      </symbol>
      <symbol id="sm-488">
         <name>__divi</name>
         <value>0x24b89</value>
         <object_component_ref idref="oc-b6"/>
      </symbol>
      <symbol id="sm-489">
         <name>I$$MOD</name>
         <value>0x24ba8</value>
         <object_component_ref idref="oc-b6"/>
      </symbol>
      <symbol id="sm-48a">
         <name>I$$DIV</name>
         <value>0x24b89</value>
         <object_component_ref idref="oc-b6"/>
      </symbol>
      <symbol id="sm-492">
         <name>__mpyli</name>
         <value>0x24c37</value>
         <object_component_ref idref="oc-ba"/>
      </symbol>
      <symbol id="sm-493">
         <name>I$$LMPY</name>
         <value>0x24c37</value>
         <object_component_ref idref="oc-ba"/>
      </symbol>
      <symbol id="sm-49f">
         <name>_modf</name>
         <value>0x24338</value>
         <object_component_ref idref="oc-be"/>
      </symbol>
      <symbol id="sm-4a9">
         <name>__mpyd</name>
         <value>0x23cf3</value>
         <object_component_ref idref="oc-c3"/>
      </symbol>
      <symbol id="sm-4b3">
         <name>__negd</name>
         <value>0x24c5c</value>
         <object_component_ref idref="oc-c7"/>
      </symbol>
      <symbol id="sm-4c1">
         <name>_rand</name>
         <value>0x24926</value>
         <object_component_ref idref="oc-cb"/>
      </symbol>
      <symbol id="sm-4c2">
         <name>_srand</name>
         <value>0x24904</value>
         <object_component_ref idref="oc-cb"/>
      </symbol>
      <symbol id="sm-4cd">
         <name>__remul</name>
         <value>0x247bc</value>
         <object_component_ref idref="oc-d1"/>
      </symbol>
      <symbol id="sm-4da">
         <name>_sqrt</name>
         <value>0x23f5d</value>
         <object_component_ref idref="oc-d5"/>
      </symbol>
      <symbol id="sm-4e4">
         <name>__subd</name>
         <value>0x24c23</value>
         <object_component_ref idref="oc-da"/>
      </symbol>
      <symbol id="sm-4ee">
         <name>_Reset</name>
         <value>0x4fe00</value>
         <object_component_ref idref="oc-11"/>
      </symbol>
      <symbol id="sm-4fc">
         <name>__unlock</name>
         <value>0xcd1c</value>
         <object_component_ref idref="oc-e3"/>
      </symbol>
      <symbol id="sm-4fd">
         <name>__lock</name>
         <value>0xcd18</value>
         <object_component_ref idref="oc-e3"/>
      </symbol>
      <symbol id="sm-4fe">
         <name>__register_lock</name>
         <value>0x24c52</value>
         <object_component_ref idref="oc-e2"/>
      </symbol>
      <symbol id="sm-4ff">
         <name>__nop</name>
         <value>0x24c5a</value>
         <object_component_ref idref="oc-e2"/>
      </symbol>
      <symbol id="sm-500">
         <name>__register_unlock</name>
         <value>0x24c4a</value>
         <object_component_ref idref="oc-e2"/>
      </symbol>
      <symbol id="sm-50a">
         <name>__args_main</name>
         <value>0x24ab9</value>
         <object_component_ref idref="oc-e8"/>
      </symbol>
      <symbol id="sm-50b">
         <name>__TI_args_main</name>
         <value>0x1</value>
      </symbol>
      <symbol id="sm-513">
         <name>_auto_init</name>
         <value>0x24a6c</value>
         <object_component_ref idref="oc-ec"/>
      </symbol>
      <symbol id="sm-51d">
         <name>_errno</name>
         <value>0xc876</value>
         <object_component_ref idref="oc-f0"/>
      </symbol>
      <symbol id="sm-527">
         <name>__frcmpyd</name>
         <value>0x246d3</value>
         <object_component_ref idref="oc-f4"/>
      </symbol>
      <symbol id="sm-533">
         <name>_frexp</name>
         <value>0x2426c</value>
         <object_component_ref idref="oc-f8"/>
      </symbol>
      <symbol id="sm-53f">
         <name>_ldexp</name>
         <value>0x2417a</value>
         <object_component_ref idref="oc-fd"/>
      </symbol>
   </symbol_table>
</link_info>
